/*
 * Copyright (c) 2024 Huawei Device Co., Ltd.
 * Licensed under the Apache License, Version 2.0 (the License);
 * you may not use this file except in compliance with the License.
 * You may obtain a copy of the License at
 *
 *     http://www.apache.org/licenses/LICENSE-2.0
 *
 * Unless required by applicable law or agreed to in writing, software
 * distributed under the License is distributed on an "AS IS" BASIS,
 * WITHOUT WARRANTIES OR CONDITIONS OF ANY KIND, either express or implied.
 * See the License for the specific language governing permissions and
 * limitations under the License.
 */
import assert from "assert";
abstract class abstractC1 {
    abstract e1(): number;
    f1(): string {
        return '22';
    }
}
class C8 extends abstractC1 {
    e1(): number {
        return 11;
    }
}
let insC8 = new C8();
assert(insC8.e1() === 11, 'success');
assert(insC8.f1() === '22', 'success');
class C9 extends abstractC1 {
    e1(): number {
        return 111;
    }
    f1(): string {
        return '222';
    }
}
let insC9 = new C9();
assert(insC9.e1() === 111, 'success');
assert(insC9.f1() === '222', 'success');
