/*
 * Copyright (c) 2024 Huawei Device Co., Ltd.
 * Licensed under the Apache License, Version 2.0 (the License);
 * you may not use this file except in compliance with the License.
 * You may obtain a copy of the License at
 *
 *     http://www.apache.org/licenses/LICENSE-2.0
 *
 * Unless required by applicable law or agreed to in writing, software
 * distributed under the License is distributed on an "AS IS" BASIS,
 * WITHOUT WARRANTIES OR CONDITIONS OF ANY KIND, either express or implied.
 * See the License for the specific language governing permissions and
 * limitations under the License.
 */
import c1 from "assert";
class d1 {
    prop_c5: number = 0;
    method_c5(): number {
        return 5;
    }
}
interface e1 {
    inter_p5: number;
    method_i5(): number;
}
class f1 extends d1 implements e1 {
    inter_p5: number = 1;
    method_i5(): number {
        return 2 * 5;
    }
}
let g1 = new d1();
c1(g1.prop_c5 === 0);
c1(g1.method_c5() === 5);
let h1 = new f1();
c1(h1.prop_c5 === 0);
c1(h1.method_c5() === 5);
c1(h1.inter_p5 === 1);
c1(h1.method_i5() === 10);
