/*
 * Copyright (c) 2024 Huawei Device Co., Ltd.
 * Licensed under the Apache License, Version 2.0 (the License);
 * you may not use this file except in compliance with the License.
 * You may obtain a copy of the License at
 *
 *     http://www.apache.org/licenses/LICENSE-2.0
 *
 * Unless required by applicable law or agreed to in writing, software
 * distributed under the License is distributed on an "AS IS" BASIS,
 * WITHOUT WARRANTIES OR CONDITIONS OF ANY KIND, either express or implied.
 * See the License for the specific language governing permissions and
 * limitations under the License.
 */
import assert from "assert";
class o {
    n1: number = 1;
    o1(): string {
        return 'c1';
    }
}
class p extends o {
    q1: number = 2;
}
module j1 {
    export class t {
        s1: number = 3;
        t1(): number {
            return 31;
        }
        u1(): number {
            return 32;
        }
    }
    class n1 extends j1.t {
        u1(): number {
            return 42;
        }
    }
    let o1 = new n1();
    assert(o1.t1() === 31);
    assert(o1.u1() === 42);
}
let l1 = new o();
assert(l1.o1() === 'c1');
let q = new p();
assert(q.q1 === 2);
let m1 = new j1.t();
assert(m1.t1() === 31);
assert(m1.u1() === 32);
