/*
 * Copyright (c) 2024 Huawei Device Co., Ltd.
 * Licensed under the Apache License, Version 2.0 (the License);
 * you may not use this file except in compliance with the License.
 * You may obtain a copy of the License at
 *
 *     http://www.apache.org/licenses/LICENSE-2.0
 *
 * Unless required by applicable law or agreed to in writing, software
 * distributed under the License is distributed on an "AS IS" BASIS,
 * WITHOUT WARRANTIES OR CONDITIONS OF ANY KIND, either express or implied.
 * See the License for the specific language governing permissions and
 * limitations under the License.
 */
import assert from "assert";
class v {
    a2: number = 0;
    b2(): number {
        return 5;
    }
}
interface v1 {
    c2: number;
    d2(): number;
}
class w1 extends v implements v1 {
    c2: number = 1;
    d2(): number {
        return 2 * 5;
    }
}
let a1 = new v();
assert(a1.a2 === 0);
assert(a1.b2() === 5);
let z1 = new w1();
assert(z1.a2 === 0);
assert(z1.b2() === 5);
assert(z1.c2 === 1);
assert(z1.d2() === 10);
