/*
 * Copyright (c) 2024 Huawei Device Co., Ltd.
 * Licensed under the Apache License, Version 2.0 (the "License");
 * you may not use this file except in compliance with the License.
 * You may obtain a copy of the License at
 *
 *     http://www.apache.org/licenses/LICENSE-2.0
 *
 * Unless required by applicable law or agreed to in writing, software
 * distributed under the License is distributed on an "AS IS" BASIS,
 * WITHOUT WARRANTIES OR CONDITIONS OF ANY KIND, either express or implied.
 * See the License for the specific language governing permissions and
 * limitations under the License.
 */
export default function u(d1: number[]): number[] {
    return d1.filter(e1 => e1 % 2 === 0);
}
export function v(c1: number[]): number | null {
    if (c1.length === 0)
        return null;
    return Math.max(...c1);
}
function a1(b1: number[]): number | null {
    if (b1.length === 0)
        return null;
    return Math.min(...b1);
}
