/*
 * Copyright (c) 2024 Huawei Device Co., Ltd.
 * Licensed under the Apache License, Version 2.0 (the "License");
 * you may not use this file except in compliance with the License.
 * You may obtain a copy of the License at
 *
 *     http://www.apache.org/licenses/LICENSE-2.0
 *
 * Unless required by applicable law or agreed to in writing, software
 * distributed under the License is distributed on an "AS IS" BASIS,
 * WITHOUT WARRANTIES OR CONDITIONS OF ANY KIND, either express or implied.
 * See the License for the specific language governing permissions and
 * limitations under the License.
 */
type b = number;
export let c = 1;
export function a(e: b, f: number) {
    return e - f;
}
export class d {
    age: b = 1;
    addr: string = 'xx';
    constructor() { }
    get getAge(): b {
        return this.age;
    }
}
