/*
 * Copyright (c) 2024 Huawei Device Co., Ltd.
 * Licensed under the Apache License, Version 2.0 (the "License");
 * you may not use this file except in compliance with the License.
 * You may obtain a copy of the License at
 *
 *     http://www.apache.org/licenses/LICENSE-2.0
 *
 * Unless required by applicable law or agreed to in writing, software
 * distributed under the License is distributed on an "AS IS" BASIS,
 * WITHOUT WARRANTIES OR CONDITIONS OF ANY KIND, either express or implied.
 * See the License for the specific language governing permissions and
 * limitations under the License.
 */
declare namespace ns2 {
    export class A {
        keptPropertyPara2: p;
        static method1(e2: number, ...f2: string[]): void;
        method2(b2: number, c2: (defaultKeptPara3: number) => string, d2?: number): void;
        method3(z1?: number, ...a2: number[]): void;
        constructor(w1: number, x1: number, y1: (defaultKeptPara4: number) => string);
        field1?: (defaultKeptPara1: number) => void;
        field2: (defaultKeptPara2: number) => number;
        method4(u1: (defaultKeptPara2: string) => number, v1: {
            key1: number;
            key2: string;
        }): void;
        method5(s1: (defaultKeptPara2: number) => number, t1: number): number;
        manualKeepMethod1(q1: (defaultKeptPara2: number) => number, r1: number): number;
    }
    class p {
        constructor(n1: number, o1: number, p1: (defaultKeptPara4: number) => string);
        field6?: (defaultKeptPara1: number) => void;
        method10(l1: (defaultKeptPara2: number) => number, m1: number): number;
        manualKeepMethod1(j1: (defaultKeptPara2: number) => number, k1: number): void;
    }
    export class manualKeepClassName {
        constructor(g1: number, h1: number, i1: (defaultKeptPara4: number) => string);
        field5?: (defaultKeptPara1: number) => void;
        method9(e1: (defaultKeptPara2: number) => number, f1: number): number;
        manualKeepMethod1(c1: (defaultKeptPara2: number) => number, d1: number): void;
    }
    export interface C {
        method6(defaultKeptPara1: number, ...defaultKeptPara2: string[]): void;
        constructor(defaultKeptPara1: number): void;
        field3: (defaultKeptPara1: number, ...defaultKeptPara2: number[]) => void;
        field4: (defaultKeptPara1: number, defaultKeptPara2: (defaultKeptPara3: string) => number) => string;
        method7(defaultKeptPara1: (defaultKeptPara2: string) => number, defaultKeptPara3: {
            key1: number;
            key2: string;
        }): void;
        method8(defaultKeptPara1: (defaultKeptPara2: number) => number, defaultKeptPara3: number): void;
        manualKeepMethod1(defaultKeptPara1: (defaultKeptPara2: number) => number, defaultKeptPara3: number): void;
    }
    export function foo1(b1: number): void;
    export function foo2(z: number, ...a1: string[]): void;
    export function foo3(y?: (defaultKeptPara2: number) => void): void;
    function o(w: number, x?: (defaultKeptPara3: number) => void): void;
    export function manualKeepFoo1(u: number, v?: (defaultKeptPara3: number) => void): void;
    export let c: (defaultKeptPara1: number, ...defaultKeptPara2: string[]) => void;
    export let d: (defaultKeptPara1: number, defaultKeptPara2?: ((defaultKeptPara3: number) => void) | undefined) => void;
    export function foo(s: number, t: {
        prop1: number;
        prop2: string;
    }): void;
    export let e: (defaultKeptPara1: number) => void;
    export const sum: (defaultKeptPara1: number, defaultKeptPara2: number) => void;
    export let myfun1: (defaultKeptPara1: (defaultKeptPara2: number) => number) => number;
    export const sum2: (defaultKeptPara1: number, defaultKeptPara2: (defaultKeptPara3: number) => number, ...defaultKeptPara4: string[]) => void;
    export let a: (defaultKeptPara1: (defaultKeptPara2: number) => number, ...defaultKeptPara3: string[]) => void;
    export let b: (defaultKeptPara1: (defaultKeptPara2: number) => number, defaultKeptPara3?: ((defaultKeptPara4: number) => void) | undefined) => void;
    export let f: (defaultKeptPara1: number, ...defaultKeptPara2: string[]) => void;
    export let g: (defaultKeptPara1: number, defaultKeptPara2?: ((defaultKeptPara3: number) => void) | undefined) => void;
    export type typeFunc = (defaultKeptPara1: number, ...defaultKeptPara2: string[]) => {};
    export type typeFunc2 = (defaultKeptPara1: number, defaultKeptPara2: (defaultKeptPara3: number) => number) => {};
    export interface person<T1> {
        method<T2>(): void;
    }
    export class person2<T3> {
        method2<r>(): void;
    }
    export function foo5<q>(): void;
    export {};
}
declare const simpleType: 1;
declare class classProperties {
    static method1(m: number, ...n: string[]): void;
    "method2"(l: number): void;
    ["method3"](k: number): void;
    [111](j: number): void;
    [simpleType](i: number): number;
    222(h: number): void;
}
