/*
 * Copyright (c) 2024 Huawei Device Co., Ltd.
 * Licensed under the Apache License, Version 2.0 (the "License");
 * you may not use this file except in compliance with the License.
 * You may obtain a copy of the License at
 *
 *     http://www.apache.org/licenses/LICENSE-2.0
 *
 * Unless required by applicable law or agreed to in writing, software
 * distributed under the License is distributed on an "AS IS" BASIS,
 * WITHOUT WARRANTIES OR CONDITIONS OF ANY KIND, either express or implied.
 * See the License for the specific language governing permissions and
 * limitations under the License.
 */
import assert from 'assert';
class C {
    [1]() {
        return 1;
    }
    [1 ? 2 : 3]() {
        return 2;
    }
    g() {
        return 3;
    }
    #h() {
        return 4;
    }
    i() {
        return this.#h();
    }
    j() {
        return 5;
    }
    k() {
        return 6;
    }
    l() {
        return 7;
    }
    *m() {
        return 8;
    }
    async o() {
        return 9;
    }
    async *p() {
        return 10;
    }
}
let c = new C();
assert(c[1]() === 1);
assert(c[2]() === 2);
assert(c.g() === 3);
assert(c.i() === 4);
assert(c.j() === 5);
assert(c.k() === 6);
assert(c.l() === 7);
assert(c.m().next().value === 8);
async function f() {
    assert(await c.o() === 9);
    assert((await c.p().next()).value === 10);
}
f();
