/*
 * Copyright (c) 2024 Huawei Device Co., Ltd.
 * Licensed under the Apache License, Version 2.0 (the "License");
 * you may not use this file except in compliance with the License.
 * You may obtain a copy of the License at
 *
 * http://www.apache.org/licenses/LICENSE-2.0
 *
 * Unless required by applicable law or agreed to in writing, software
 * distributed under the License is distributed on an "AS IS" BASIS,
 * WITHOUT WARRANTIES OR CONDITIONS OF ANY KIND, either express or implied.
 * See the License for the specific language governing permissions and
 * limitations under the License.
 */
type toplevelElement10 = string; // export and export obfuscation
type c = number; // toplevel obfuscation
type toplevelElement12 = boolean; // kept
declare namespace d {
    export { toplevelElement10, toplevelElement12 };
    export { c as te11 };
}
declare const e: d.toplevelElement10;
declare const f: d.te11;
export {};
