/*
 * Copyright (c) 2024 Huawei Device Co., Ltd.
 * Licensed under the Apache License, Version 2.0 (the "License");
 * you may not use this file except in compliance with the License.
 * You may obtain a copy of the License at
 *
 *     http://www.apache.org/licenses/LICENSE-2.0
 *
 * Unless required by applicable law or agreed to in writing, software
 * distributed under the License is distributed on an "AS IS" BASIS,
 * WITHOUT WARRANTIES OR CONDITIONS OF ANY KIND, either express or implied.
 * See the License for the specific language governing permissions and
 * limitations under the License.
 */
declare namespace t {
    function foo19(): void;
    class className19 {
        prop91: number;
        prop92: x | undefined;
    }
    interface x {
    }
}
declare namespace u {
    export function foo20(): void;
    export class v {
        prop101: number;
        prop102: w | undefined;
    }
    interface w {
    }
    export {};
}
