/*
 * Copyright (c) 2025 Huawei Device Co., Ltd.
 * Licensed under the Apache License, Version 2.0 (the "License");
 * you may not use this file except in compliance with the License.
 * You may obtain a copy of the License at
 *
 *     http://www.apache.org/licenses/LICENSE-2.0
 *
 * Unless required by applicable law or agreed to in writing, software
 * distributed under the License is distributed on an "AS IS" BASIS,
 * WITHOUT WARRANTIES OR CONDITIONS OF ANY KIND, either express or implied.
 * See the License for the specific language governing permissions and
 * limitations under the License.
 */
export declare let arr: Array<number>;
export declare let w: bigint;
export declare let w1: boolean;
export declare let w2: string;
export declare let w3: number;
export declare let w4: number;
export declare let d2: Date;
export declare const a: number;
export declare const b: number;
export declare const c: number;
export declare const d: number;
export declare const e: number;
export declare const f: number;
export declare const g: number;
export declare const h: string;
export declare const i: boolean;
export declare const j: string;
export declare const k: bigint;
export declare const a1: number;
export declare const b1: number;
export declare const c1: number;
export declare const d1: number;
export declare const e1: number;
export declare const f1: number;
export declare const g1: number;
export declare const h1: string;
export declare const i1: boolean;
export declare const j1: string;
export declare const k1: bigint;
export declare let s: string;
export declare let a2: "Hello";
export declare let b2: Greeting;
export declare let a3: Record<string, string>;
export type Greeting = "Hello";
