/*
 * Copyright (c) 2024 Huawei Device Co., Ltd.
 * Licensed under the Apache License, Version 2.0 (the License);
 * you may not use this file except in compliance with the License.
 * You may obtain a copy of the License at
 *
 *     http://www.apache.org/licenses/LICENSE-2.0
 *
 * Unless required by applicable law or agreed to in writing, software
 * distributed under the License is distributed on an "AS IS" BASIS,
 * WITHOUT WARRANTIES OR CONDITIONS OF ANY KIND, either express or implied.
 * See the License for the specific language governing permissions and
 * limitations under the License.
 */
/*
 * Copyright (c) 2024 Huawei Device Co., Ltd.
 * Licensed under the Apache License, Version 2.0 (the "License");
 * you may not use this file except in compliance with the License.
 * You may obtain a copy of the License at
 *
 *     http://www.apache.org/licenses/LICENSE-2.0
 *
 * Unless required by applicable law or agreed to in writing, software
 * distributed under the License is distributed on an "AS IS" BASIS,
 * WITHOUT WARRANTIES OR CONDITIONS OF ANY KIND, either express or implied.
 * See the License for the specific language governing permissions and
 * limitations under the License.
 */
import assert from 'assert';
import z1 from './export_default_01_conditional';
assert(z1 === 2);
import a2 from './export_default_02_instance';
assert(a2.i === 1);
import b2 from './export_default_03_this';
assert(b2 !== undefined);
import c2 from './export_default_04_var';
assert(c2 === 4);
import d2 from './export_default_05_array';
assert(d2[0] === 1);
assert(d2[1] === 2);
import e2 from './export_default_06_object';
assert(e2.m === 1);
assert(e2.o === 2);
import f2 from './export_default_07_regex';
assert(f2.toString() === '/a/');
import g2 from './export_default_08_str1';
assert(g2 === `str1`);
import h2 from './export_default_09_str2';
assert(h2 === 'str2');
import i2 from './export_default_10_str3';
assert(i2 === "str3str4");
import j2 from './export_default_11_conditional';
assert(j2 === 2);
import l2 from './export_default_13_module';
async function v1() {
    assert((await l2).default === 'str1');
}
v1();
import m2 from './export_default_14_namepsace';
assert(m2 === "ns_inner");
import n2 from './export_default_15_object';
assert(n2 === 1);
import o2 from './export_default_16_function_ans';
assert(o2 === 2);
import q2 from './export_default_17_function_conditional';
assert(q2 === 9);
import s2 from './export_default_18_arrow';
assert(s2() === 1);
import t2 from './export_default_19_arrow_async';
async function w1() {
    assert(await t2() === 19);
}
w1();
import u2 from './export_default_20_expression_01';
assert(u2 === 2);
import v2 from './export_default_21_expression_02';
assert(v2 === 12);
import w2 from './export_default_22_expression_03';
assert(w2 === 3);
import z2 from './export_default_23_expression_04';
assert(z2 === 1);
import a3 from './export_default_24_expression_05';
assert(a3 === 1);
import b3 from './export_default_25_object';
assert(b3.u1 === 2);
