/*
 * Copyright (c) 2024 Huawei Device Co., Ltd.
 * Licensed under the Apache License, Version 2.0 (the "License");
 * you may not use this file except in compliance with the License.
 * You may obtain a copy of the License at
 *
 *     http://www.apache.org/licenses/LICENSE-2.0
 *
 * Unless required by applicable law or agreed to in writing, software
 * distributed under the License is distributed on an "AS IS" BASIS,
 * WITHOUT WARRANTIES OR CONDITIONS OF ANY KIND, either express or implied.
 * See the License for the specific language governing permissions and
 * limitations under the License.
 */
import a from 'assert';
interface b {
    method(a: number): string;
    optionalMethod?(a: number): string;
    property: string;
    optionalProperty: string;
}
class b {
    additionalProperty: string = '';
    additionalMethod(f: number): string {
        return this.method(0);
    }
}
class c extends b {
    method(e: number): string {
        return this.optionalProperty;
    }
}
let d = new c();
a(d.method(1) === undefined);
a(d.optionalMethod === undefined);
a(d.property === undefined);
a(d.optionalProperty === undefined);
a(d.additionalProperty === '');
a(d.additionalMethod(1) === undefined);
