{
  "1": "ab",
  "2": "ab",
  "3": "ab",
  "4": "ab"
}