/*
 * Copyright (c) 2024 Huawei Device Co., Ltd.
 * Licensed under the Apache License, Version 2.0 (the License);
 * you may not use this file except in compliance with the License.
 * You may obtain a copy of the License at
 *
 *     http://www.apache.org/licenses/LICENSE-2.0
 *
 * Unless required by applicable law or agreed to in writing, software
 * distributed under the License is distributed on an "AS IS" BASIS,
 * WITHOUT WARRANTIES OR CONDITIONS OF ANY KIND, either express or implied.
 * See the License for the specific language governing permissions and
 * limitations under the License.
 */
import a from "assert";
class m {
    prop_c5: number = 0;
    method_c5(): number {
        return 5;
    }
}
interface x {
    inter_p5: number;
    method_i5(): number;
}
class y extends m implements x {
    inter_p5: number = 1;
    method_i5(): number {
        return 2 * 5;
    }
}
let n = new m();
a(n.prop_c5 === 0);
a(n.method_c5() === 5);
let z = new y();
a(z.prop_c5 === 0);
a(z.method_c5() === 5);
a(z.inter_p5 === 1);
a(z.method_i5() === 10);
