/*
 * Copyright (c) 2024 Huawei Device Co., Ltd.
 * Licensed under the Apache License, Version 2.0 (the "License");
 * you may not use this file except in compliance with the License.
 * You may obtain a copy of the License at
 *
 *     http://www.apache.org/licenses/LICENSE-2.0
 *
 * Unless required by applicable law or agreed to in writing, software
 * distributed under the License is distributed on an "AS IS" BASIS,
 * WITHOUT WARRANTIES OR CONDITIONS OF ANY KIND, either express or implied.
 * See the License for the specific language governing permissions and
 * limitations under the License.
 */
import a from 'assert';
module b {
    export module Y {
        export interface Z {
            a: number;
        }
    }
    export interface Y {
        b: string;
    }
}
let c: b.Y.Z = { a: 1 };
a(c.a === 1);
let d: b.Y = { b: "1" };
a(d.b === "1");
module A {
    export module B {
        export class C {
            c: boolean = true;
        }
    }
}
var e: A.B.C = new A.B.C();
a(e.c === true);
module f {
    export namespace N {
        export module M2 {
            export interface I {
                d: number;
            }
        }
    }
}
let g: f.N.M2.I = { d: 2 };
a(g.d === 2);
type A = number;
declare const h: number;
declare namespace i {
    export { A };
}
let j: i.A = 3;
a(j === 3);
export {};
