/*
 * Copyright (c) 2024 Huawei Device Co., Ltd.
 * Licensed under the Apache License, Version 2.0 (the "License");
 * you may not use this file except in compliance with the License.
 * You may obtain a copy of the License at
 *
 *     http://www.apache.org/licenses/LICENSE-2.0
 *
 * Unless required by applicable law or agreed to in writing, software
 * distributed under the License is distributed on an "AS IS" BASIS,
 * WITHOUT WARRANTIES OR CONDITIONS OF ANY KIND, either express or implied.
 * See the License for the specific language governing permissions and
 * limitations under the License.
 */
import assert from 'assert';
import lazy { var1 } from './export_api_01';
import lazy { var1 as var1Alias } from './export_api_01';
import lazy { default as maxFunc1 } from './export_api_01';
import lazy { var2, var3, } from './export_api_01';
import lazy { var2 as var2Alias, var3 as var3lias, } from './export_api_01';
import lazy { type typeAlias1 } from './export_type_03';
import lazy { type typeAlias2 as typeAlias2_new } from './export_type_03';
import lazy { type default as typeAlias_new4 } from './export_type_03';
import lazy { as, type typeAlias3 } from './export_type_03';
import lazy { typeAlias4, type typeAlias5 as type5_new } from './export_type_03';
import lazy from './export_api_01';
import { lazy } from './export_api_01';
import "";
import '';
import './export_api_01';
